[    0.000000] Linux version 4.15.0-212-generic (buildd@lcy02-amd64-083) (gcc version 7.5.0 (Ubuntu 7.5.0-3ubuntu1~18.04)) #223-Ubuntu SMP Tue May 23 13:09:22 UTC 2023 (Ubuntu 4.15.0-212.223-generic 4.15.18)
[    0.000000] Command line: BOOT_IMAGE=/boot/vmlinuz-4.15.0-212-generic root=LABEL=cloudimg-rootfs ro console=tty1 console=ttyS0
[    0.000000] KERNEL supported cpus:
[    0.000000]   Intel GenuineIntel
[    0.000000]   AMD AuthenticAMD
[    0.000000]   Centaur CentaurHauls
[    0.000000] x86/fpu: Supporting XSAVE feature 0x001: 'x87 floating point registers'
[    0.000000] x86/fpu: Supporting XSAVE feature 0x002: 'SSE registers'
[    0.000000] x86/fpu: Supporting XSAVE feature 0x004: 'AVX registers'
[    0.000000] x86/fpu: xstate_offset[2]:  576, xstate_sizes[2]:  256
[    0.000000] x86/fpu: Enabled xstate features 0x7, context size is 832 bytes, using 'standard' format.
[    0.000000] e820: BIOS-provided physical RAM map:
[    0.000000] BIOS-e820: [mem 0x0000000000000000-0x000000000009fbff] usable
[    0.000000] BIOS-e820: [mem 0x000000000009fc00-0x000000000009ffff] reserved
[    0.000000] BIOS-e820: [mem 0x00000000000f0000-0x00000000000fffff] reserved
[    0.000000] BIOS-e820: [mem 0x0000000000100000-0x000000003ffeffff] usable
[    0.000000] BIOS-e820: [mem 0x000000003fff0000-0x000000003fffffff] ACPI data
[    0.000000] BIOS-e820: [mem 0x00000000fec00000-0x00000000fec00fff] reserved
[    0.000000] BIOS-e820: [mem 0x00000000fee00000-0x00000000fee00fff] reserved
[    0.000000] BIOS-e820: [mem 0x00000000fffc0000-0x00000000ffffffff] reserved
[    0.000000] NX (Execute Disable) protection: active
[    0.000000] SMBIOS 2.5 present.
[    0.000000] DMI: innotek GmbH VirtualBox/VirtualBox, BIOS VirtualBox 12/01/2006
[    0.000000] Hypervisor detected: KVM
[    0.000000] e820: last_pfn = 0x3fff0 max_arch_pfn = 0x400000000
[    0.000000] x86/PAT: Configuration [0-7]: WB  WC  UC- UC  WB  WP  UC- WT  
[    0.000000] found SMP MP-table at [mem 0x0009fbf0-0x0009fbff]
[    0.000000] Scanning 1 areas for low memory corruption
[    0.000000] RAMDISK: [mem 0x359cb000-0x36cdcfff]
[    0.000000] ACPI: Early table checksum verification disabled
[    0.000000] ACPI: RSDP 0x00000000000E0000 000024 (v02 VBOX  )
[    0.000000] ACPI: XSDT 0x000000003FFF0030 00003C (v01 VBOX   VBOXXSDT 00000001 ASL  00000061)
[    0.000000] ACPI: FACP 0x000000003FFF00F0 0000F4 (v04 VBOX   VBOXFACP 00000001 ASL  00000061)
[    0.000000] ACPI: DSDT 0x000000003FFF0610 002353 (v02 VBOX   VBOXBIOS 00000002 INTL 20100528)
[    0.000000] ACPI: FACS 0x000000003FFF0200 000040
[    0.000000] ACPI: FACS 0x000000003FFF0200 000040
[    0.000000] ACPI: APIC 0x000000003FFF0240 00005C (v02 VBOX   VBOXAPIC 00000001 ASL  00000061)
[    0.000000] ACPI: SSDT 0x000000003FFF02A0 00036C (v01 VBOX   VBOXCPUT 00000002 INTL 20100528)
[    0.000000] ACPI: Reserving FACP table memory at [mem 0x3fff00f0-0x3fff01e3]
[    0.000000] ACPI: Reserving DSDT table memory at [mem 0x3fff0610-0x3fff2962]
[    0.000000] ACPI: Reserving FACS table memory at [mem 0x3fff0200-0x3fff023f]
[    0.000000] ACPI: Reserving FACS table memory at [mem 0x3fff0200-0x3fff023f]
[    0.000000] ACPI: Reserving APIC table memory at [mem 0x3fff0240-0x3fff029b]
[    0.000000] ACPI: Reserving SSDT table memory at [mem 0x3fff02a0-0x3fff060b]
[    0.000000] No NUMA configuration found
[    0.000000] Faking a node at [mem 0x0000000000000000-0x000000003ffeffff]
[    0.000000] NODE_DATA(0) allocated [mem 0x3ffc5000-0x3ffeffff]
[    0.000000] kvm-clock: cpu 0, msr 0:3ff44001, primary cpu clock
[    0.000000] kvm-clock: Using msrs 4b564d01 and 4b564d00
[    0.000000] kvm-clock: using sched offset of 4625775431 cycles
[    0.000000] clocksource: kvm-clock: mask: 0xffffffffffffffff max_cycles: 0x1cd42e4dffb, max_idle_ns: 881590591483 ns
[    0.000000] Zone ranges:
[    0.000000]   DMA      [mem 0x0000000000001000-0x0000000000ffffff]
[    0.000000]   DMA32    [mem 0x0000000001000000-0x000000003ffeffff]
[    0.000000]   Normal   empty
[    0.000000]   Device   empty
[    0.000000] Movable zone start for each node
[    0.000000] Early memory node ranges
[    0.000000]   node   0: [mem 0x0000000000001000-0x000000000009efff]
[    0.000000]   node   0: [mem 0x0000000000100000-0x000000003ffeffff]
[    0.000000] Reserved but unavailable: 104 pages
[    0.000000] Initmem setup node 0 [mem 0x0000000000001000-0x000000003ffeffff]
[    0.000000] ACPI: PM-Timer IO Port: 0x4008
[    0.000000] IOAPIC[0]: apic_id 2, version 32, address 0xfec00000, GSI 0-23
[    0.000000] ACPI: INT_SRC_OVR (bus 0 bus_irq 0 global_irq 2 dfl dfl)
[    0.000000] ACPI: INT_SRC_OVR (bus 0 bus_irq 9 global_irq 9 low level)
[    0.000000] Using ACPI (MADT) for SMP configuration information
[    0.000000] smpboot: Allowing 2 CPUs, 0 hotplug CPUs
[    0.000000] PM: Registered nosave memory: [mem 0x00000000-0x00000fff]
[    0.000000] PM: Registered nosave memory: [mem 0x0009f000-0x0009ffff]
[    0.000000] PM: Registered nosave memory: [mem 0x000a0000-0x000effff]
[    0.000000] PM: Registered nosave memory: [mem 0x000f0000-0x000fffff]
[    0.000000] e820: [mem 0x40000000-0xfebfffff] available for PCI devices
[    0.000000] Booting paravirtualized kernel on KVM
[    0.000000] clocksource: refined-jiffies: mask: 0xffffffff max_cycles: 0xffffffff, max_idle_ns: 7645519600211568 ns
[    0.000000] setup_percpu: NR_CPUS:8192 nr_cpumask_bits:2 nr_cpu_ids:2 nr_node_ids:1
[    0.000000] percpu: Embedded 50 pages/cpu s167936 r8192 d28672 u1048576
[    0.000000] PV qspinlock hash table entries: 256 (order: 0, 4096 bytes)
[    0.000000] Built 1 zonelists, mobility grouping on.  Total pages: 257913
[    0.000000] Policy zone: DMA32
[    0.000000] Kernel command line: BOOT_IMAGE=/boot/vmlinuz-4.15.0-212-generic root=LABEL=cloudimg-rootfs ro console=tty1 console=ttyS0
[    0.000000] Memory: 982644K/1048120K available (12300K kernel code, 2477K rwdata, 4324K rodata, 2480K init, 2720K bss, 65476K reserved, 0K cma-reserved)
[    0.000000] SLUB: HWalign=64, Order=0-3, MinObjects=0, CPUs=2, Nodes=1
[    0.000000] ftrace: allocating 39508 entries in 155 pages
[    0.004000] Hierarchical RCU implementation.
[    0.004000] 	RCU restricting CPUs from NR_CPUS=8192 to nr_cpu_ids=2.
[    0.004000] 	Tasks RCU enabled.
[    0.004000] RCU: Adjusting geometry for rcu_fanout_leaf=16, nr_cpu_ids=2
[    0.004000] NR_IRQS: 524544, nr_irqs: 440, preallocated irqs: 16
[    0.004000] random: crng init done
[    0.004000] Console: colour VGA+ 80x25
[    0.004000] console [tty1] enabled
[    0.004000] console [ttyS0] enabled
[    0.004000] ACPI: Core revision 20170831
[    0.004000] ACPI: 2 ACPI AML tables successfully acquired and loaded
[    0.004000] APIC: Switch to symmetric I/O mode setup
[    0.004000] x2apic enabled
[    0.004022] Switched APIC routing to physical x2apic.
[    0.008000] ..TIMER: vector=0x30 apic1=0 pin1=2 apic2=-1 pin2=-1
[    0.008007] tsc: Detected 2995.202 MHz processor
[    0.012019] Calibrating delay loop (skipped) preset value.. 5990.40 BogoMIPS (lpj=11980808)
[    0.016004] pid_max: default: 32768 minimum: 301
[    0.018508] Security Framework initialized
[    0.020005] Yama: becoming mindful.
[    0.021851] AppArmor: AppArmor initialized
[    0.028061] Dentry cache hash table entries: 131072 (order: 8, 1048576 bytes)
[    0.032088] Inode-cache hash table entries: 65536 (order: 7, 524288 bytes)
[    0.033582] Mount-cache hash table entries: 2048 (order: 2, 16384 bytes)
[    0.036015] Mountpoint-cache hash table entries: 2048 (order: 2, 16384 bytes)
[    0.037926] Last level iTLB entries: 4KB 0, 2MB 0, 4MB 0
[    0.040007] Last level dTLB entries: 4KB 0, 2MB 0, 4MB 0, 1GB 0
[    0.042751] Spectre V1 : Mitigation: usercopy/swapgs barriers and __user pointer sanitization
[    0.044005] Spectre V2 : Mitigation: Retpolines
[    0.048003] Spectre V2 : Spectre v2 / SpectreRSB mitigation: Filling RSB on context switch
[    0.052003] Spectre V2 : Spectre v2 / SpectreRSB : Filling RSB on VMEXIT
[    0.056004] Speculative Store Bypass: Vulnerable
[    0.058524] Freeing SMP alternatives memory: 36K
[    0.172858] smpboot: CPU0: Intel(R) Core(TM) Ultra 5 125H (family: 0x6, model: 0xaa, stepping: 0x4)
[    0.176157] Performance Events: unsupported p6 CPU model 170 no PMU driver, software events only.
[    0.180077] Hierarchical SRCU implementation.
[    0.184619] NMI watchdog: Perf event create on CPU 0 failed with -2
[    0.187566] NMI watchdog: Perf NMI watchdog permanently disabled
[    0.188106] smp: Bringing up secondary CPUs ...
[    0.192235] x86: Booting SMP configuration:
[    0.194306] .... node  #0, CPUs:      #1
[    0.004000] kvm-clock: cpu 1, msr 0:3ff44041, secondary cpu clock
[    0.200020] smp: Brought up 1 node, 2 CPUs
[    0.204011] smpboot: Max logical packages: 1
[    0.205208] smpboot: Total of 2 processors activated (11980.80 BogoMIPS)
[    0.212189] devtmpfs: initialized
[    0.213522] x86/mm: Memory block size: 128MB
[    0.214889] evm: security.selinux
[    0.216006] evm: security.SMACK64
[    0.216857] evm: security.SMACK64EXEC
[    0.217700] evm: security.SMACK64TRANSMUTE
[    0.218646] evm: security.SMACK64MMAP
[    0.219513] evm: security.apparmor
[    0.220003] evm: security.ima
[    0.220786] evm: security.capability
[    0.228050] clocksource: jiffies: mask: 0xffffffff max_cycles: 0xffffffff, max_idle_ns: 7645041785100000 ns
[    0.232017] futex hash table entries: 512 (order: 3, 32768 bytes)
[    0.236107] pinctrl core: initialized pinctrl subsystem
[    0.252188] RTC time: 14:48:37, date: 02/28/25
[    0.256256] NET: Registered protocol family 16
[    0.258502] audit: initializing netlink subsys (disabled)
[    0.260057] audit: type=2000 audit(1740754122.791:1): state=initialized audit_enabled=0 res=1
[    0.264010] cpuidle: using governor ladder
[    0.265283] cpuidle: using governor menu
[    0.268074] ACPI: bus type PCI registered
[    0.269507] acpiphp: ACPI Hot Plug PCI Controller Driver version: 0.5
[    0.272240] PCI: Using configuration type 1 for base access
[    0.277814] HugeTLB registered 2.00 MiB page size, pre-allocated 0 pages
[    0.280133] ACPI: Added _OSI(Module Device)
[    0.284007] ACPI: Added _OSI(Processor Device)
[    0.286152] ACPI: Added _OSI(3.0 _SCP Extensions)
[    0.288005] ACPI: Added _OSI(Processor Aggregator Device)
[    0.290554] ACPI: Added _OSI(Linux-Dell-Video)
[    0.292006] ACPI: Added _OSI(Linux-Lenovo-NV-HDMI-Audio)
[    0.296005] ACPI: Added _OSI(Linux-HPI-Hybrid-Graphics)
[    0.299181] ACPI: Executed 1 blocks of module-level executable AML code
[    0.308301] ACPI: Interpreter enabled
[    0.310162] ACPI: (supports S0 S5)
[    0.311865] ACPI: Using IOAPIC for interrupt routing
[    0.312428] PCI: Using host bridge windows from ACPI; if necessary, use "pci=nocrs" and report a bug
[    0.316350] ACPI: Enabled 2 GPEs in block 00 to 07
[    0.333527] ACPI: PCI Root Bridge [PCI0] (domain 0000 [bus 00-ff])
[    0.336015] acpi PNP0A03:00: _OSC: OS supports [ASPM ClockPM Segments MSI]
[    0.340372] acpi PNP0A03:00: _OSC: not requesting OS control; OS requires [ExtendedConfig ASPM ClockPM MSI]
[    0.344022] acpi PNP0A03:00: fail to add MMCONFIG information, can't access extended PCI configuration space under this bridge.
[    0.348540] PCI host bridge to bus 0000:00
[    0.349673] pci_bus 0000:00: root bus resource [io  0x0000-0x0cf7 window]
[    0.351378] pci_bus 0000:00: root bus resource [io  0x0d00-0xffff window]
[    0.352005] pci_bus 0000:00: root bus resource [mem 0x000a0000-0x000bffff window]
[    0.354021] pci_bus 0000:00: root bus resource [mem 0x40000000-0xfdffffff window]
[    0.356005] pci_bus 0000:00: root bus resource [bus 00-ff]
[    0.364283] pci 0000:00:01.1: legacy IDE quirk: reg 0x10: [io  0x01f0-0x01f7]
[    0.366076] pci 0000:00:01.1: legacy IDE quirk: reg 0x14: [io  0x03f6]
[    0.367644] pci 0000:00:01.1: legacy IDE quirk: reg 0x18: [io  0x0170-0x0177]
[    0.368006] pci 0000:00:01.1: legacy IDE quirk: reg 0x1c: [io  0x0376]
[    0.387171] pci 0000:00:07.0: quirk: [io  0x4000-0x403f] claimed by PIIX4 ACPI
[    0.388010] pci 0000:00:07.0: quirk: [io  0x4100-0x410f] claimed by PIIX4 SMB
[    0.407259] ACPI: PCI Interrupt Link [LNKA] (IRQs 5 9 10 *11)
[    0.408615] ACPI: PCI Interrupt Link [LNKB] (IRQs 5 9 *10 11)
[    0.412237] ACPI: PCI Interrupt Link [LNKC] (IRQs 5 *9 10 11)
[    0.416268] ACPI: PCI Interrupt Link [LNKD] (IRQs 5 9 10 *11)
[    0.420499] SCSI subsystem initialized
[    0.422500] pci 0000:00:02.0: vgaarb: setting as boot VGA device
[    0.422966] pci 0000:00:02.0: vgaarb: VGA device added: decodes=io+mem,owns=io+mem,locks=none
[    0.424027] pci 0000:00:02.0: vgaarb: bridge control possible
[    0.428005] vgaarb: loaded
[    0.429479] ACPI: bus type USB registered
[    0.432057] usbcore: registered new interface driver usbfs
[    0.434935] usbcore: registered new interface driver hub
[    0.436022] usbcore: registered new device driver usb
[    0.440047] EDAC MC: Ver: 3.0.0
[    0.442253] PCI: Using ACPI for IRQ routing
[    0.444759] NetLabel: Initializing
[    0.448005] NetLabel:  domain hash size = 128
[    0.450135] NetLabel:  protocols = UNLABELED CIPSOv4 CALIPSO
[    0.452034] NetLabel:  unlabeled traffic allowed by default
[    0.456169] clocksource: Switched to clocksource kvm-clock
[    0.525970] VFS: Disk quotas dquot_6.6.0
[    0.528023] VFS: Dquot-cache hash table entries: 512 (order 0, 4096 bytes)
[    0.531444] AppArmor: AppArmor Filesystem Enabled
[    0.533818] pnp: PnP ACPI init
[    0.537688] pnp: PnP ACPI: found 3 devices
[    0.554909] clocksource: acpi_pm: mask: 0xffffff max_cycles: 0xffffff, max_idle_ns: 2085701024 ns
[    0.559284] NET: Registered protocol family 2
[    0.561593] IP idents hash table entries: 16384 (order: 5, 131072 bytes)
[    0.581625] TCP established hash table entries: 8192 (order: 4, 65536 bytes)
[    0.585028] TCP bind hash table entries: 8192 (order: 5, 131072 bytes)
[    0.588124] TCP: Hash tables configured (established 8192 bind 8192)
[    0.591231] UDP hash table entries: 512 (order: 2, 16384 bytes)
[    0.594065] UDP-Lite hash table entries: 512 (order: 2, 16384 bytes)
[    0.597238] NET: Registered protocol family 1
[    0.599403] pci 0000:00:00.0: Limiting direct PCI/PCI transfers
[    0.602355] pci 0000:00:01.0: Activating ISA DMA hang workarounds
[    0.605385] pci 0000:00:02.0: Video device with shadowed ROM at [mem 0x000c0000-0x000dffff]
[    0.609605] Unpacking initramfs...
[    1.649833] Freeing initrd memory: 19528K
[    1.652044] clocksource: tsc: mask: 0xffffffffffffffff max_cycles: 0x2b2c909a7c7, max_idle_ns: 440795208498 ns
[    1.656905] platform rtc_cmos: registered platform RTC device (no PNP device found)
[    1.660646] Scanning for low memory corruption every 60 seconds
[    1.665007] Initialise system trusted keyrings
[    1.667253] Key type blacklist registered
[    1.669496] workingset: timestamp_bits=36 max_order=18 bucket_order=0
[    1.674193] zbud: loaded
[    1.676633] squashfs: version 4.0 (2009/01/31) Phillip Lougher
[    1.679806] fuse init (API version 7.26)
[    1.686366] Key type asymmetric registered
[    1.688571] Asymmetric key parser 'x509' registered
[    1.691013] Block layer SCSI generic (bsg) driver version 0.4 loaded (major 246)
[    1.694771] io scheduler noop registered
[    1.696825] io scheduler deadline registered
[    1.698974] io scheduler cfq registered (default)
[    1.702002] ACPI: AC Adapter [AC] (on-line)
[    1.704513] input: Power Button as /devices/LNXSYSTM:00/LNXPWRBN:00/input/input0
[    1.708390] ACPI: Power Button [PWRF]
[    1.710401] input: Sleep Button as /devices/LNXSYSTM:00/LNXSLPBN:00/input/input1
[    1.714032] ACPI: Sleep Button [SLPF]
[    1.716544] Serial: 8250/16550 driver, 32 ports, IRQ sharing enabled
[    1.718142] ACPI: Battery Slot [BAT0] (battery present)
[    1.743835] 00:02: ttyS0 at I/O 0x3f8 (irq = 4, base_baud = 115200) is a 16550A
[    1.750075] Linux agpgart interface v0.103
[    1.772280] loop: module loaded
[    1.775375] scsi host0: ata_piix
[    1.777515] scsi host1: ata_piix
[    1.779451] ata1: PATA max UDMA/33 cmd 0x1f0 ctl 0x3f6 bmdma 0xd000 irq 14
[    1.782880] ata2: PATA max UDMA/33 cmd 0x170 ctl 0x376 bmdma 0xd008 irq 15
[    1.787522] tun: Universal TUN/TAP device driver, 1.6
[    1.790178] PPP generic driver version 2.4.2
[    1.792490] ehci_hcd: USB 2.0 'Enhanced' Host Controller (EHCI) Driver
[    1.795662] ehci-pci: EHCI PCI platform driver
[    1.798011] ehci-platform: EHCI generic platform driver
[    1.800609] ohci_hcd: USB 1.1 'Open' Host Controller (OHCI) Driver
[    1.803707] ohci-pci: OHCI PCI platform driver
[    1.806025] ohci-platform: OHCI generic platform driver
[    1.808657] uhci_hcd: USB Universal Host Controller Interface driver
[    1.811846] i8042: PNP: PS/2 Controller [PNP0303:PS2K,PNP0f03:PS2M] at 0x60,0x64 irq 1,12
[    1.817027] serio: i8042 KBD port at 0x60,0x64 irq 1
[    1.819539] serio: i8042 AUX port at 0x60,0x64 irq 12
[    1.822428] mousedev: PS/2 mouse device common for all mice
[    1.826589] input: AT Translated Set 2 keyboard as /devices/platform/i8042/serio0/input/input2
[    1.828128] rtc_cmos rtc_cmos: rtc core: registered rtc_cmos as rtc0
[    1.834230] rtc_cmos rtc_cmos: alarms up to one day, 114 bytes nvram
[    1.837438] i2c /dev entries driver
[    1.839372] device-mapper: uevent: version 1.0.3
[    1.841971] device-mapper: ioctl: 4.37.0-ioctl (2017-09-20) initialised: dm-devel@redhat.com
[    1.846215] ledtrig-cpu: registered to indicate activity on CPUs
[    1.850116] NET: Registered protocol family 10
[    1.871546] Segment Routing with IPv6
[    1.872773] NET: Registered protocol family 17
[    1.881124] Key type dns_resolver registered
[    1.883322] mce: Using 0 MCE banks
[    1.884556] RAS: Correctable Errors collector initialized.
[    1.886298] sched_clock: Marking stable (1884527778, 0)->(2264370126, -379842348)
[    1.889574] registered taskstats version 1
[    1.890832] Loading compiled-in X.509 certificates
[    1.902412] Loaded X.509 cert 'Build time autogenerated kernel key: b5b26778eaa3ab3a4a6cee031137706e947d12ad'
[    1.906016] Loaded X.509 cert 'Canonical Ltd. Live Patch Signing: 14df34d1a87cf37625abec039ef2bf521249b969'
[    1.909179] Loaded X.509 cert 'Canonical Ltd. Kernel Module Signing: 88f752e560a1e0737e31163a466ad7b70a850c19'
[    1.911407] blacklist: Loading compiled-in revocation X.509 certificates
[    1.913047] Loaded X.509 cert 'Canonical Ltd. Secure Boot Signing: 61482aa2830d0ab2ad5af10b7250da9033ddcef0'
[    1.915270] Loaded X.509 cert 'Canonical Ltd. Secure Boot Signing (2017): 242ade75ac4a15e50d50c84b0d45ff3eae707a03'
[    1.917667] Loaded X.509 cert 'Canonical Ltd. Secure Boot Signing (ESM 2018): 365188c1d374d6b07c3c8f240f8ef722433d6a8b'
[    1.919967] Loaded X.509 cert 'Canonical Ltd. Secure Boot Signing (2019): c0746fd6c5da3ae827864651ad66ae47fe24b3e8'
[    1.922345] Loaded X.509 cert 'Canonical Ltd. Secure Boot Signing (2021 v1): a8d54bbb3825cfb94fa13c9f8a594a195c107b8d'
[    1.924863] Loaded X.509 cert 'Canonical Ltd. Secure Boot Signing (2021 v2): 4cf046892d6fd3c9a5b03f98d845f90851dc6a8c'
[    1.927144] Loaded X.509 cert 'Canonical Ltd. Secure Boot Signing (2021 v3): 100437bb6de6e469b581e61cd66bce3ef4ed53af'
[    1.929551] Loaded X.509 cert 'Canonical Ltd. Secure Boot Signing (Ubuntu Core 2019): c1d57b8f6b743f23ee41f4f7ee292f06eecadfb9'
[    1.932040] zswap: loaded using pool lzo/zbud
[    1.961688] Key type big_key registered
[    1.962613] Key type trusted registered
[    1.964936] Key type encrypted registered
[    1.965944] AppArmor: AppArmor sha1 policy hashing enabled
[    1.967162] ima: No TPM chip found, activating TPM-bypass! (rc=-19)
[    1.968585] ima: Allocated hash algorithm: sha1
[    1.969661] evm: HMAC attrs: 0x1
[    1.970784]   Magic number: 13:352:840
[    1.976540] rtc_cmos rtc_cmos: setting system clock to 2025-02-28 14:48:38 UTC (1740754118)
[    1.985708] BIOS EDD facility v0.16 2004-Jun-25, 0 devices found
[    1.987487] EDD information not available.
[    1.994235] Freeing unused kernel image memory: 2480K
[    2.000499] Write protecting the kernel read-only data: 20480k
[    2.004689] Freeing unused kernel image memory: 2008K
[    2.007893] Freeing unused kernel image memory: 1820K
[    2.022138] x86/mm: Checked W+X mappings: passed, no W+X pages found.
Loading, please wait...
starting version 237
[    2.167598] Fusion MPT base driver 3.04.20
[    2.169832] Copyright (c) 1999-2008 LSI Corporation
[    2.178267] e1000: Intel(R) PRO/1000 Network Driver - version 7.3.21-k8-NAPI
[    2.181721] e1000: Copyright (c) 1999-2006 Intel Corporation.
[    2.211857] AVX2 version of gcm_enc/dec engaged.
[    2.214285] AES CTR mode by8 optimization enabled
[    2.238792] Fusion MPT SPI Host driver 3.04.20
[    2.423110] input: ImExPS/2 Generic Explorer Mouse as /devices/platform/i8042/serio1/input/input4
[    2.717959] e1000 0000:00:03.0 eth0: (PCI:33MHz:32-bit) 02:3b:7b:b7:3b:2d
[    2.721496] e1000 0000:00:03.0 eth0: Intel(R) PRO/1000 Network Connection
[    2.726728] mptbase: ioc0: Initiating bringup
[    3.675802] ioc0: LSI53C1030 A0: Capabilities={Initiator}
[    4.285549] scsi host2: ioc0: LSI53C1030 A0, FwRev=00000000h, Ports=1, MaxQ=256, IRQ=20
[    5.008544] scsi 2:0:0:0: Direct-Access     VBOX     HARDDISK         1.0  PQ: 0 ANSI: 5
[    5.046627] scsi target2:0:0: Beginning Domain Validation
[    5.065786] scsi target2:0:0: Domain Validation skipping write tests
[    5.067292] scsi target2:0:0: Ending Domain Validation
[    5.068747] scsi target2:0:0: asynchronous
[    5.071634] scsi 2:0:1:0: Direct-Access     VBOX     HARDDISK         1.0  PQ: 0 ANSI: 5
[    5.320087] scsi target2:0:1: Beginning Domain Validation
[    5.341861] scsi target2:0:1: Domain Validation skipping write tests
[    5.344596] scsi target2:0:1: Ending Domain Validation
[    5.346157] scsi target2:0:1: asynchronous
[    5.352997] sd 2:0:0:0: Attached scsi generic sg0 type 0
[    5.354711] sd 2:0:0:0: [sda] 83886080 512-byte logical blocks: (42.9 GB/40.0 GiB)
[    5.356714] sd 2:0:0:0: [sda] Write Protect is off
[    5.358060] sd 2:0:0:0: [sda] Incomplete mode parameter data
[    5.359402] sd 2:0:0:0: [sda] Assuming drive cache: write through
[    5.361435] sd 2:0:1:0: [sdb] 20480 512-byte logical blocks: (10.5 MB/10.0 MiB)
[    5.363282] sd 2:0:1:0: Attached scsi generic sg1 type 0
[    5.364549] sd 2:0:1:0: [sdb] Write Protect is off
[    5.365940] sd 2:0:1:0: [sdb] Incomplete mode parameter data
[    5.367234] sd 2:0:1:0: [sdb] Assuming drive cache: write through
[    5.370182]  sda: sda1
[    5.383736] sd 2:0:0:0: [sda] Attached SCSI disk
[    5.387444] sd 2:0:1:0: [sdb] Attached SCSI disk
[    5.519013] e1000 0000:00:08.0 eth1: (PCI:33MHz:32-bit) 08:00:27:e8:27:63
[    5.521761] e1000 0000:00:08.0 eth1: Intel(R) PRO/1000 Network Connection
[    5.531327] e1000 0000:00:03.0 enp0s3: renamed from eth0
[    5.550474] e1000 0000:00:08.0 enp0s8: renamed from eth1
Begin: Loading essential drivers ... [    7.424333] raid6: sse2x1   gen()  6630 MB/s
[    7.472660] raid6: sse2x1   xor()  4403 MB/s
[    7.520435] raid6: sse2x2   gen()  7627 MB/s
[    7.569065] raid6: sse2x2   xor()  6975 MB/s
[    7.616938] raid6: sse2x4   gen()  6800 MB/s
[    7.664398] raid6: sse2x4   xor()  4213 MB/s
[    7.712150] raid6: avx2x1   gen() 10244 MB/s
[    7.760541] raid6: avx2x1   xor()  6875 MB/s
[    7.808425] raid6: avx2x2   gen()  8013 MB/s
[    7.856555] raid6: avx2x2   xor()  4532 MB/s
[    7.904508] raid6: avx2x4   gen() 19215 MB/s
[    7.952193] raid6: avx2x4   xor()  8005 MB/s
[    7.953613] raid6: using algorithm avx2x4 gen() 19215 MB/s
[    7.954916] raid6: .... xor() 8005 MB/s, rmw enabled
[    7.956150] raid6: using avx2x2 recovery algorithm
[    7.966446] xor: automatically using best checksumming function   avx       
[    7.972657] async_tx: api initialized (async)
done.
Begin: Running /scripts/init-premount ... done.
Begin: Mounting root file system ... Begin: Running /scripts/local-top ... done.
Begin: Running /scripts/local-premount ... [    8.058355] Btrfs loaded, crc32c=crc32c-intel
Scanning for Btrfs filesystems
done.
Warning: fsck not present, so skipping root file system
[    8.115556] EXT4-fs (sda1): mounted filesystem with ordered data mode. Opts: (null)
done.
Begin: Running /scripts/local-bottom ... done.
Begin: Running /scripts/init-bottom ... done.
[    8.295494] ip_tables: (C) 2000-2006 Netfilter Core Team
[    8.305686] systemd[1]: systemd 237 running in system mode. (+PAM +AUDIT +SELINUX +IMA +APPARMOR +SMACK +SYSVINIT +UTMP +LIBCRYPTSETUP +GCRYPT +GNUTLS +ACL +XZ +LZ4 +SECCOMP +BLKID +ELFUTILS +KMOD -IDN2 +IDN -PCRE2 default-hierarchy=hybrid)
[    8.310911] systemd[1]: Detected virtualization oracle.
[    8.312106] systemd[1]: Detected architecture x86-64.

Welcome to [1mUbuntu 18.04.6 LTS[0m!

[    8.342688] systemd[1]: Set hostname to <ubuntu>.
[    8.346138] systemd[1]: Initializing machine ID from random generator.
[    8.348157] systemd[1]: Installed transient /etc/machine-id file.
[    8.630851] systemd[1]: Created slice User and Session Slice.
[[0;32m  OK  [0m] Created slice User and Session Slice.
[    8.634446] systemd[1]: Created slice System Slice.
[[0;32m  OK  [0m] Created slice System Slice.
[    8.637078] systemd[1]: Created slice system-serial\x2dgetty.slice.
[[0;32m  OK  [0m] Created slice system-serial\x2dgetty.slice.
[    8.639627] systemd[1]: Reached target Mounting snaps.
[[0;32m  OK  [0m] Reached target Mounting snaps.
[[0;32m  OK  [0m] Listening on udev Kernel Socket.
[[0;32m  OK  [0m] Set up automount Arbitrary Executabâ€¦rmats File System Automount Point.
[[0;32m  OK  [0m] Listening on LVM2 poll daemon socket.
[[0;32m  OK  [0m] Listening on /dev/initctl Compatibility Named Pipe.
[[0;32m  OK  [0m] Listening on Network Service Netlink Socket.
[[0;32m  OK  [0m] Reached target System Time Synchronized.
[[0;32m  OK  [0m] Reached target Slices.
[[0;32m  OK  [0m] Reached target Mounted snaps.
[[0;32m  OK  [0m] Listening on LVM2 metadata daemon socket.
[[0;32m  OK  [0m] Listening on fsck to fsckd communication Socket.
[[0;32m  OK  [0m] Listening on udev Control Socket.
[[0;32m  OK  [0m] Listening on Syslog Socket.
[[0;32m  OK  [0m] Reached target User and Group Name Lookups.
[[0;32m  OK  [0m] Listening on Journal Socket.
         Starting Create list of required stâ€¦ce nodes for the current kernel...
         Starting udev Coldplug all Devices...
         Starting Load Kernel Modules...
         Mounting POSIX Message Queue File System...
         Starting Uncomplicated firewall...
         Mounting Kernel Debug File System...
[[0;32m  OK  [0m] Listening on Journal Socket (/dev/log).
[[0;32m  OK  [0m] Listening on Journal Audit Socket.
         Starting Journal Service...
         Mounting Huge Pages File System...
         Starting Set the console keyboard layout...
[[0;32m  OK  [0m] Listening on Device-mapper event daemon FIFOs.
[[0;32m  OK  [0m] Started Forward Password Requests to Wall Directory Watch.
[[0;32m  OK  [0m] Reached target Swap.
[    8.738770] Loading iSCSI transport class v2.0-870.
         Starting Monitoring of LVM2 mirrorsâ€¦ng dmeventd or progress polling...
         Starting File System Check on Root Device...
[[0;32m  OK  [0m] Started Create list of required staâ€¦vice nodes for the current kernel.
[[0;32m  OK  [0m] Mounted POSIX Message Queue File System.
[[0;32m  OK  [0m] Started Uncomplicated firewall.
[[0;32m  OK  [0m] Mounted Kernel Debug File System.
[[0;32m  OK  [0m] Mounted Huge Pages File System.
         Starting Create Static Device Nodes in /dev...
[    8.793905] iscsi: registered transport (tcp)
[[0;32m  OK  [0m] Started udev Coldplug all Devices.
[[0;32m  OK  [0m] Started File System Check Daemon to report status.
[[0;32m  OK  [0m] Started Create Static Device Nodes in /dev.
[[0;32m  OK  [0m] Started Journal Service.
[[0;32m  OK  [0m] Started LVM2 metadata daemon.
[    8.881926] iscsi: registered transport (iser)
[[0;32m  OK  [0m] Started Load Kernel Modules.
         Mounting FUSE Control File System...
         Starting Apply Kernel Variables...
         Mounting Kernel Configuration File System...
[[0;32m  OK  [0m] Mounted FUSE Control File System.
[[0;32m  OK  [0m] Mounted Kernel Configuration File System.
[[0;32m  OK  [0m] Started File System Check on Root Device.
         Starting Remount Root and Kernel File Systems...
[[0;32m  OK  [0m] Started Monitoring of LVM2 mirrors,â€¦sing dmeventd or progress polling.
[[0;32m  OK  [0m] Started Apply Kernel Variables.
[[0;32m  OK  [0m] Started Remount Root and Kernel File Systems.
         Starting Flush Journal to Persistent Storage...
         Starting udev Kernel Device Manager...
         Starting Load/Save Random Seed...
[[0;32m  OK  [0m] Started udev Kernel Device Manager.
[[0;32m  OK  [0m] Started Flush Journal to Persistent Storage.
[[0;32m  OK  [0m] Started Load/Save Random Seed.
[[0;32m  OK  [0m] Found device /dev/ttyS0.
[[0;32m  OK  [0m] Listening on Load/Save RF Kill Switch Status /dev/rfkill Watch.
         Mounting Arbitrary Executable File Formats File System...
[[0;32m  OK  [0m] Mounted Arbitrary Executable File Formats File System.
[[0;32m  OK  [0m] Started Set the console keyboard layout.
[[0;32m  OK  [0m] Started Dispatch Password Requests to Console Directory Watch.
[[0;32m  OK  [0m] Reached target Local Encrypted Volumes.
[[0;32m  OK  [0m] Reached target Local File Systems (Pre).
[[0;32m  OK  [0m] Reached target Local File Systems.
         Starting Commit a transient machine-id on disk...
         Starting ebtables ruleset management...
         Starting Set console font and keymap...
         Starting Tell Plymouth To Write Out Runtime Data...
         Starting Create Volatile Files and Directories...
         Starting AppArmor initialization...
[[0;32m  OK  [0m] Started Tell Plymouth To Write Out Runtime Data.
[[0;32m  OK  [0m] Started Create Volatile Files and Directories.
         Starting Update UTMP about System Boot/Shutdown...
[[0;32m  OK  [0m] Started Update UTMP about System Boot/Shutdown.
[[0;32m  OK  [0m] Started Commit a transient machine-id on disk.
[[0;32m  OK  [0m] Started ebtables ruleset management.
[[0;32m  OK  [0m] Started AppArmor initialization.
         Starting Load AppArmor profiles managed internally by snapd...
         Starting Initial cloud-init job (pre-networking)...
[[0;32m  OK  [0m] Started Load AppArmor profiles managed internally by snapd.
[   13.764647] cloud-init[670]: Cloud-init v. 23.1.2-0ubuntu0~18.04.1 running 'init-local' at Fri, 28 Feb 2025 14:48:49 +0000. Up 13.16 seconds.
[[0;32m  OK  [0m] Started Set console font and keymap.
[[0;32m  OK  [0m] Started Initial cloud-init job (pre-networking).
[[0;32m  OK  [0m] Reached target Network (Pre).
         Starting Network Service...
[[0;32m  OK  [0m] Started Network Service.
         Starting Network Name Resolution...
         Starting Wait for Network to be Configured...
[[0;32m  OK  [0m] Started Network Name Resolution.
[[0;32m  OK  [0m] Reached target Host and Network Name Lookups.
[[0;32m  OK  [0m] Reached target Network.
[[0;32m  OK  [0m] Started Wait for Network to be Configured.
         Starting Initial cloud-init job (metadata service crawler)...
[   16.912727] cloud-init[940]: Cloud-init v. 23.1.2-0ubuntu0~18.04.1 running 'init' at Fri, 28 Feb 2025 14:48:53 +0000. Up 16.71 seconds.
[   16.916928] cloud-init[940]: ci-info: ++++++++++++++++++++++++++++++++++++++Net device info+++++++++++++++++++++++++++++++++++++++
[   16.918992] cloud-init[940]: ci-info: +--------+-------+----------------------------+---------------+--------+-------------------+
[   16.920943] cloud-init[940]: ci-info: | Device |   Up  |          Address           |      Mask     | Scope  |     Hw-Address    |
[   16.922907] cloud-init[940]: ci-info: +--------+-------+----------------------------+---------------+--------+-------------------+
[   16.925882] cloud-init[940]: ci-info: | enp0s3 |  True |         10.0.2.15          | 255.255.255.0 | global | 02:3b:7b:b7:3b:2d |
[   16.928387] cloud-init[940]: ci-info: | enp0s3 |  True | fd00::3b:7bff:feb7:3b2d/64 |       .       | global | 02:3b:7b:b7:3b:2d |
[   16.930791] cloud-init[940]: ci-info: | enp0s3 |  True | fe80::3b:7bff:feb7:3b2d/64 |       .       |  link  | 02:3b:7b:b7:3b:2d |
[   16.933140] cloud-init[940]: ci-info: | enp0s8 | False |             .              |       .       |   .    | 08:00:27:e8:27:63 |
[   16.935751] cloud-init[940]: ci-info: |   lo   |  True |         127.0.0.1          |   255.0.0.0   |  host  |         .         |
[   16.938416] cloud-init[940]: ci-info: |   lo   |  True |          ::1/128           |       .       |  host  |         .         |
[   16.939939] cloud-init[940]: ci-info: +--------+-------+----------------------------+---------------+--------+-------------------+
[   16.942575] cloud-init[940]: ci-info: ++++++++++++++++++++++++++++Route IPv4 info+++++++++++++++++++++++++++++
[   16.945370] cloud-init[940]: ci-info: +-------+-------------+----------+-----------------+-----------+-------+
[   16.949880] cloud-init[940]: ci-info: | Route | Destination | Gateway  |     Genmask     | Interface | Flags |
[   16.952244] cloud-init[940]: ci-info: +-------+-------------+----------+-----------------+-----------+-------+
[   16.954895] cloud-init[940]: ci-info: |   0   |   0.0.0.0   | 10.0.2.2 |     0.0.0.0     |   enp0s3  |   UG  |
[   16.958676] cloud-init[940]: ci-info: |   1   |   10.0.2.0  | 0.0.0.0  |  255.255.255.0  |   enp0s3  |   U   |
[   16.963847] cloud-init[940]: ci-info: |   2   |   10.0.2.2  | 0.0.0.0  | 255.255.255.255 |   enp0s3  |   UH  |
[   16.966782] cloud-init[940]: ci-info: +-------+-------------+----------+-----------------+-----------+-------+
[   16.970761] cloud-init[940]: ci-info: +++++++++++++++++++Route IPv6 info+++++++++++++++++++
[   16.973031] cloud-init[940]: ci-info: +-------+-------------+---------+-----------+-------+
[   16.976244] cloud-init[940]: ci-info: | Route | Destination | Gateway | Interface | Flags |
[   16.979601] cloud-init[940]: ci-info: +-------+-------------+---------+-----------+-------+
[   16.983408] cloud-init[940]: ci-info: |   1   |  fd00::/64  |    ::   |   enp0s3  |   U   |
[   16.987928] cloud-init[940]: ci-info: |   2   |  fe80::/64  |    ::   |   enp0s3  |   U   |
[   16.988693] cloud-init[940]: ci-info: |   3   |     ::/0    | fe80::2 |   enp0s3  |   UG  |
[   16.990726] cloud-init[940]: ci-info: |   5   |    local    |    ::   |   enp0s3  |   U   |
[   16.993394] cloud-init[940]: ci-info: |   6   |   ff00::/8  |    ::   |   enp0s3  |   U   |
[   16.995914] cloud-init[940]: ci-info: +-------+-------------+---------+-----------+-------+
[   18.020718] cloud-init[940]: Generating public/private rsa key pair.
[   18.022109] cloud-init[940]: Your identification has been saved in /etc/ssh/ssh_host_rsa_key.
[   18.023641] cloud-init[940]: Your public key has been saved in /etc/ssh/ssh_host_rsa_key.pub.
[   18.025267] cloud-init[940]: The key fingerprint is:
[   18.026360] cloud-init[940]: SHA256:G1NP+gDfi6aGv7ZNwaoQEs2zmHf+ZE+KJqPubZPgAOo root@ubuntu-bionic
[   18.028251] cloud-init[940]: The key's randomart image is:
[   18.029962] cloud-init[940]: +---[RSA 2048]----+
[   18.031502] cloud-init[940]: |                 |
[   18.033124] cloud-init[940]: |   o             |
[   18.035660] cloud-init[940]: |  . +   . . .    |
[   18.039247] cloud-init[940]: |.  + o   = =     |
[   18.040633] cloud-init[940]: |o + + . S * o    |
[   18.041617] cloud-init[940]: |o .o +   = = .   |
[   18.043287] cloud-init[940]: |.o .....= = o    |
[   18.043934] cloud-init[940]: | E..*.o*oO       |
[   18.045570] cloud-init[940]: | o+o.=o+Boo      |
[   18.046834] cloud-init[940]: +----[SHA256]-----+
[   18.047191] cloud-init[940]: Generating public/private dsa key pair.
[   18.047691] cloud-init[940]: Your identification has been saved in /etc/ssh/ssh_host_dsa_key.
[   18.049226] cloud-init[940]: Your public key has been saved in /etc/ssh/ssh_host_dsa_key.pub.
[   18.050824] cloud-init[940]: The key fingerprint is:
[   18.052006] cloud-init[940]: SHA256:A5OrVeCNYk9LRyx9oZGeDVrBDXNP6uTBVVcaaeGzchE root@ubuntu-bionic
[   18.053630] cloud-init[940]: The key's randomart image is:
[   18.054609] cloud-init[940]: +---[DSA 1024]----+
[   18.055432] cloud-init[940]: |      .+*=o.o.Eo+|
[   18.056836] cloud-init[940]: |     ..*B*o= .o= |
[   18.057539] cloud-init[940]: |    o O==== ..=  |
[   18.058317] cloud-init[940]: |   . =.Bo+..   + |
[   18.059918] cloud-init[940]: |      = S o . o  |
[   18.061503] cloud-init[940]: |     o   .   o   |
[   18.062974] cloud-init[940]: |    .            |
[   18.063919] cloud-init[940]: |                 |
[   18.064851] cloud-init[940]: |                 |
[   18.065855] cloud-init[940]: +----[SHA256]-----+
[   18.066747] cloud-init[940]: Generating public/private ecdsa key pair.
[   18.067230] cloud-init[940]: Your identification has been saved in /etc/ssh/ssh_host_ecdsa_key.
[   18.068473] cloud-init[940]: Your public key has been saved in /etc/ssh/ssh_host_ecdsa_key.pub.
[   18.069488] cloud-init[940]: The key fingerprint is:
[   18.069936] cloud-init[940]: SHA256:53njEHRdoMazxUfajDo11qqbEQXcYTGXrQoMNyG2za4 root@ubuntu-bionic
[   18.072238] cloud-init[940]: The key's randomart image is:
[   18.074043] cloud-init[940]: +---[ECDSA 256]---+
[   18.075650] cloud-init[940]: |        o .o..*+*|
[   18.077323] cloud-init[940]: |       ..=o..*.%.|
[   18.078319] cloud-init[940]: |        .++.* @.=|
[   18.079323] cloud-init[940]: |         ooo O.+ |
[   18.080254] cloud-init[940]: |        S +.=..  |
[   18.081148] cloud-init[940]: |         + o.+   |
[   18.082042] cloud-init[940]: |        E + =    |
[   18.083003] cloud-init[940]: |           + =   |
[   18.084137] cloud-init[940]: |            +    |
[   18.085308] cloud-init[940]: +----[SHA256]-----+
[   18.086955] cloud-init[940]: Generating public/private ed25519 key pair.
[   18.089525] cloud-init[940]: Your identification has been saved in /etc/ssh/ssh_host_ed25519_key.
[   18.092079] cloud-init[940]: Your public key has been saved in /etc/ssh/ssh_host_ed25519_key.pub.
[   18.094183] cloud-init[940]: The key fingerprint is:
[   18.095316] cloud-init[940]: SHA256:jr6TjWOZD284cDepb0Cc0/p/u/GZF2yLt6szpSLMY1o root@ubuntu-bionic
[   18.097917] cloud-init[940]: The key's randomart image is:
[   18.099748] cloud-init[940]: +--[ED25519 256]--+
[   18.101073] cloud-init[940]: |                 |
[   18.102058] cloud-init[940]: |                 |
[   18.103226] cloud-init[940]: |     . o         |
[   18.104774] cloud-init[940]: |      = .        |
[   18.106310] cloud-init[940]: |     . oS.    .  |
[   18.107821] cloud-init[940]: |    . +o+      = |
[   18.109506] cloud-init[940]: |     oo%+E  . = o|
[   18.111087] cloud-init[940]: |     .%o** ..B =.|
[   18.112786] cloud-init[940]: |     .o@*.+.++O+o|
[   18.114156] cloud-init[940]: +----[SHA256]-----+
[[0;32m  OK  [0m] Started Initial cloud-init job (metadata service crawler).
[[0;32m  OK  [0m] Reached target Cloud-config availability.
[[0;32m  OK  [0m] Reached target Network is Online.
         Starting Availability of block devices...
[[0;32m  OK  [0m] Reached target Remote File Systems (Pre).
[[0;32m  OK  [0m] Reached target Remote File Systems.
[[0;32m  OK  [0m] Reached target System Initialization.
[[0;32m  OK  [0m] Started Daily Cleanup of Temporary Directories.
[[0;32m  OK  [0m] Listening on D-Bus System Message Bus Socket.
[[0;32m  OK  [0m] Started ACPI Events Check.
[[0;32m  OK  [0m] Listening on cloud-init hotplug hook socket.
[[0;32m  OK  [0m] Listening on ACPID Listen Socket.
[[0;32m  OK  [0m] Started Daily apt download activities.
[[0;32m  OK  [0m] Reached target Paths.
[[0;32m  OK  [0m] Listening on UUID daemon activation socket.
[[0;32m  OK  [0m] Started Ubuntu Advantage Timer for running repeated jobs.
[[0;32m  OK  [0m] Started Daily apt upgrade and clean activities.
         Starting LXD - unix socket.
[[0;32m  OK  [0m] Started Discard unused blocks once a week.
         Starting Socket activation for snappy daemon.
[[0;32m  OK  [0m] Started Message of the Day.
[[0;32m  OK  [0m] Reached target Timers.
[[0;32m  OK  [0m] Listening on Open-iSCSI iscsid Socket.
[[0;32m  OK  [0m] Started Availability of block devices.
[[0;32m  OK  [0m] Listening on LXD - unix socket.
[[0;32m  OK  [0m] Listening on Socket activation for snappy daemon.
[[0;32m  OK  [0m] Reached target Sockets.
[[0;32m  OK  [0m] Reached target Basic System.
[[0;32m  OK  [0m] Reached target Login Prompts (Pre).
[[0;32m  OK  [0m] Started irqbalance daemon.
         Starting Permit User Sessions...
[[0;32m  OK  [0m] Started D-Bus System Message Bus.
         Starting System Logging Service...
[[0;32m  OK  [0m] Started Deferred execution scheduler.
         Starting LSB: Record successful boot for GRUB...
         Starting LSB: automatic crash report generation...
         Starting Login Service...
         Starting Virtualbox guest utils...
         Starting Accounts Service...
         Starting Pollinate to seed the pseudo random number generator...
[[0;32m  OK  [0m] Started Regular background program processing daemon.
[[0;32m  OK  [0m] Started FUSE filesystem for LXC.
         Starting Dispatcher daemon for systemd-networkd...
         Starting Snap Daemon...
         Starting LXD - container startup/shutdown...
[[0;32m  OK  [0m] Started System Logging Service.
[[0;32m  OK  [0m] Started Permit User Sessions.
[[0;32m  OK  [0m] Started Login Service.
[[0;32m  OK  [0m] Started LSB: automatic crash report generation.
         Starting Authorization Manager...
[[0;32m  OK  [0m] Started Unattended Upgrades Shutdown.
         Starting Hostname Service...
         Starting Terminate Plymouth Boot Screen...
         Starting Hold until boot process finishes up...
[[0;32m  OK  [0m] Started Hold until boot process finishes up.
[[0;32m  OK  [0m] Started Serial Getty on ttyS0.
         Starting Set console scheme...
[[0;32m  OK  [0m] Started Terminate Plymouth Boot Screen.
[[0;32m  OK  [0m] Started LSB: Record successful boot for GRUB.
[[0;32m  OK  [0m] Started Set console scheme.
[[0;32m  OK  [0m] Created slice system-getty.slice.
[[0;32m  OK  [0m] Started Getty on tty1.
[[0;32m  OK  [0m] Reached target Login Prompts.
[[0;32m  OK  [0m] Started Authorization Manager.
[[0;32m  OK  [0m] Started Accounts Service.
[[0;32m  OK  [0m] Started Virtualbox guest utils.
[[0;32m  OK  [0m] Started Hostname Service.
[[0;32m  OK  [0m] Started LXD - container startup/shutdown.
[[0;32m  OK  [0m] Started Dispatcher daemon for systemd-networkd.
[[0;32m  OK  [0m] Started Snap Daemon.
         Starting Wait until snapd is fully seeded...
[[0;32m  OK  [0m] Started Pollinate to seed the pseudo random number generator.
         Starting OpenBSD Secure Shell server...
[[0;32m  OK  [0m] Started OpenBSD Secure Shell server.
[[0;32m  OK  [0m] Created slice User Slice of vagrant.
         Starting User Manager for UID 1000...
         Starting Time & Date Service...
[[0;32m  OK  [0m] Started Session 1 of user vagrant.
[[0;32m  OK  [0m] Started Time & Date Service.
[[0;32m  OK  [0m] Started User Manager for UID 1000.

Ubuntu 18.04.6 LTS ubuntu-bionic ttyS0

ubuntu-bionic login: [   25.948814] cloud-init[1503]: Cloud-init v. 23.1.2-0ubuntu0~18.04.1 running 'modules:config' at Fri, 28 Feb 2025 14:49:01 +0000. Up 25.32 seconds.
ci-info: no authorized SSH keys fingerprints found for user ubuntu.
<14>Feb 28 14:49:03 cloud-init: #############################################################
<14>Feb 28 14:49:03 cloud-init: -----BEGIN SSH HOST KEY FINGERPRINTS-----
<14>Feb 28 14:49:03 cloud-init: 1024 SHA256:A5OrVeCNYk9LRyx9oZGeDVrBDXNP6uTBVVcaaeGzchE root@ubuntu-bionic (DSA)
<14>Feb 28 14:49:03 cloud-init: 256 SHA256:53njEHRdoMazxUfajDo11qqbEQXcYTGXrQoMNyG2za4 root@ubuntu-bionic (ECDSA)
<14>Feb 28 14:49:03 cloud-init: 256 SHA256:jr6TjWOZD284cDepb0Cc0/p/u/GZF2yLt6szpSLMY1o root@ubuntu-bionic (ED25519)
<14>Feb 28 14:49:03 cloud-init: 2048 SHA256:G1NP+gDfi6aGv7ZNwaoQEs2zmHf+ZE+KJqPubZPgAOo root@ubuntu-bionic (RSA)
<14>Feb 28 14:49:03 cloud-init: -----END SSH HOST KEY FINGERPRINTS-----
<14>Feb 28 14:49:03 cloud-init: #############################################################
-----BEGIN SSH HOST KEY KEYS-----
ecdsa-sha2-nistp256 AAAAE2VjZHNhLXNoYTItbmlzdHAyNTYAAAAIbmlzdHAyNTYAAABBBH2OLQo5OKQX1mFlHQMB39p2SS+vIFwj8Zv/SVxpgaPF/UOOZvdnLoHBdsgXQwe4wO1uParI4UvTBfglMBuHuf8= root@ubuntu-bionic
ssh-ed25519 AAAAC3NzaC1lZDI1NTE5AAAAIBYSqTJjdymPLWTo3lrPLJWM4wsgbrE3cW+jYuJ1LNh3 root@ubuntu-bionic
ssh-rsa AAAAB3NzaC1yc2EAAAADAQABAAABAQDMubqViJZjB/e+1o10M4R2j3MEkQ2pxkDpK4m8KK6NyfBEvT54LrmRVjc/Thkp+EKNubvcidFRu1GXhrkaC5xxvJebaI0r5zpZlKb8XNChcXg21f6hwQQakcr3YjiUil3MojbvFuQjruR4nj/9C5qt7ADS4LmE16h5pEmTxuHOVGlG07zfhrSlowy1tqxXftixJ6GTQzA0xJw4Dx/itThRZLujGCGVGaKbb0qMYNWCxp3z95SGBqXAVGV+PfypLVi1X/FrCAAw7SSOHYme39R8kF/o6+P8eMfZby/M+lQuLJ1jA3QgDac26Bhj1eRzGrIyqg1zhMPZUvoC3nbtBNBb root@ubuntu-bionic
-----END SSH HOST KEY KEYS-----
[   27.097838] cloud-init[1660]: Cloud-init v. 23.1.2-0ubuntu0~18.04.1 running 'modules:final' at Fri, 28 Feb 2025 14:49:03 +0000. Up 26.80 seconds.
[   27.098027] cloud-init[1660]: Cloud-init v. 23.1.2-0ubuntu0~18.04.1 finished at Fri, 28 Feb 2025 14:49:03 +0000. Datasource DataSourceNoCloud [seed=/dev/sdb][dsmode=net].  Up 27.07 seconds
